MPLINK 4.30.01, Linker
Linker Map File - Created Fri Oct 14 13:58:49 2022

                                 Section Info
                  Section       Type    Address   Location Size(Bytes)
                ---------  ---------  ---------  ---------  ---------
                   .org_0       code   0x000000    program   0x000000
                   .org_1       code   0x000000    program   0x000012
.config_2007_ENCENDER1LED.O       code   0x002007    program   0x000002
.config_2008_ENCENDER1LED.O       code   0x002008    program   0x000002



                              Program Memory Usage 
                               Start         End      
                           ---------   ---------      
                            0x000000    0x000008      
                            0x002007    0x002008      
            11 out of 8454 program addresses used, program memory utilization is 0%



                              Symbols - Sorted by Name
                     Name    Address   Location    Storage File                     
                ---------  ---------  ---------  --------- ---------                
                     MAIN   0x000006    program     static C:\Users\edgar\OneDrive - INSTITUTO TECNOLOGICO SUPERIOR DE POZA RICA\Septimo Semestre\Sistemas Programables\Primer Parcial\1 LED ENCENDIDO\Encender1led.asm
                 funcionE   0x000007    program     static C:\Users\edgar\OneDrive - INSTITUTO TECNOLOGICO SUPERIOR DE POZA RICA\Septimo Semestre\Sistemas Programables\Primer Parcial\1 LED ENCENDIDO\Encender1led.asm



                              Symbols - Sorted by Address
                     Name    Address   Location    Storage File                     
                ---------  ---------  ---------  --------- ---------                
                     MAIN   0x000006    program     static C:\Users\edgar\OneDrive - INSTITUTO TECNOLOGICO SUPERIOR DE POZA RICA\Septimo Semestre\Sistemas Programables\Primer Parcial\1 LED ENCENDIDO\Encender1led.asm
                 funcionE   0x000007    program     static C:\Users\edgar\OneDrive - INSTITUTO TECNOLOGICO SUPERIOR DE POZA RICA\Septimo Semestre\Sistemas Programables\Primer Parcial\1 LED ENCENDIDO\Encender1led.asm


