MPLINK 4.30.01, Linker
Linker Map File - Created Sat Oct 15 11:06:22 2022

                                 Section Info
                  Section       Type    Address   Location Size(Bytes)
                ---------  ---------  ---------  ---------  ---------
                   .org_0       code   0x000000    program   0x000000
                   .org_1       code   0x000000    program   0x000014



                              Program Memory Usage 
                               Start         End      
                           ---------   ---------      
                            0x000000    0x000009      
            10 out of 8454 program addresses used, program memory utilization is 0%



                              Symbols - Sorted by Name
                     Name    Address   Location    Storage File                     
                ---------  ---------  ---------  --------- ---------                
                   Apagar   0x000008    program     static C:\Users\edgar\OneDrive - INSTITUTO TECNOLOGICO SUPERIOR DE POZA RICA\Septimo Semestre\Sistemas Programables\Segundo Parcial\con boton v2\ManteniedoPulsado.asm
                     MAIN   0x000004    program     static C:\Users\edgar\OneDrive - INSTITUTO TECNOLOGICO SUPERIOR DE POZA RICA\Septimo Semestre\Sistemas Programables\Segundo Parcial\con boton v2\ManteniedoPulsado.asm



                              Symbols - Sorted by Address
                     Name    Address   Location    Storage File                     
                ---------  ---------  ---------  --------- ---------                
                     MAIN   0x000004    program     static C:\Users\edgar\OneDrive - INSTITUTO TECNOLOGICO SUPERIOR DE POZA RICA\Septimo Semestre\Sistemas Programables\Segundo Parcial\con boton v2\ManteniedoPulsado.asm
                   Apagar   0x000008    program     static C:\Users\edgar\OneDrive - INSTITUTO TECNOLOGICO SUPERIOR DE POZA RICA\Septimo Semestre\Sistemas Programables\Segundo Parcial\con boton v2\ManteniedoPulsado.asm


