MPLINK 4.30.01, Linker
Linker Map File - Created Thu Oct 13 08:44:02 2022

                                 Section Info
                  Section       Type    Address   Location Size(Bytes)
                ---------  ---------  ---------  ---------  ---------
                   .org_0       code   0x000000    program   0x000000
                   .org_1       code   0x000000    program   0x000042
 .config_2007_ENCENDER8.O       code   0x002007    program   0x000002
 .config_2008_ENCENDER8.O       code   0x002008    program   0x000002



                              Program Memory Usage 
                               Start         End      
                           ---------   ---------      
                            0x000000    0x000020      
                            0x002007    0x002008      
            35 out of 8454 program addresses used, program memory utilization is 0%



                              Symbols - Sorted by Name
                     Name    Address   Location    Storage File                     
                ---------  ---------  ---------  --------- ---------                
                     MAIN   0x00000c    program     static C:\Users\edgar\OneDrive - INSTITUTO TECNOLOGICO SUPERIOR DE POZA RICA\Septimo Semestre\Sistemas Programables\Primer Parcial\8 LEDS ENCENDIENDO\encender8.asm
               Retardo_1s   0x000014    program     static C:\Users\edgar\OneDrive - INSTITUTO TECNOLOGICO SUPERIOR DE POZA RICA\Septimo Semestre\Sistemas Programables\Primer Parcial\8 LEDS ENCENDIENDO\encender8.asm
                 funcion0   0x00000e    program     static C:\Users\edgar\OneDrive - INSTITUTO TECNOLOGICO SUPERIOR DE POZA RICA\Septimo Semestre\Sistemas Programables\Primer Parcial\8 LEDS ENCENDIENDO\encender8.asm
             retardo_1s_0   0x00001a    program     static C:\Users\edgar\OneDrive - INSTITUTO TECNOLOGICO SUPERIOR DE POZA RICA\Septimo Semestre\Sistemas Programables\Primer Parcial\8 LEDS ENCENDIENDO\encender8.asm



                              Symbols - Sorted by Address
                     Name    Address   Location    Storage File                     
                ---------  ---------  ---------  --------- ---------                
                     MAIN   0x00000c    program     static C:\Users\edgar\OneDrive - INSTITUTO TECNOLOGICO SUPERIOR DE POZA RICA\Septimo Semestre\Sistemas Programables\Primer Parcial\8 LEDS ENCENDIENDO\encender8.asm
                 funcion0   0x00000e    program     static C:\Users\edgar\OneDrive - INSTITUTO TECNOLOGICO SUPERIOR DE POZA RICA\Septimo Semestre\Sistemas Programables\Primer Parcial\8 LEDS ENCENDIENDO\encender8.asm
               Retardo_1s   0x000014    program     static C:\Users\edgar\OneDrive - INSTITUTO TECNOLOGICO SUPERIOR DE POZA RICA\Septimo Semestre\Sistemas Programables\Primer Parcial\8 LEDS ENCENDIENDO\encender8.asm
             retardo_1s_0   0x00001a    program     static C:\Users\edgar\OneDrive - INSTITUTO TECNOLOGICO SUPERIOR DE POZA RICA\Septimo Semestre\Sistemas Programables\Primer Parcial\8 LEDS ENCENDIENDO\encender8.asm


